
> learnpath@0.1.0 test
> vitest run


[1m[46m RUN [49m[22m [36mv4.0.18 [39m[90mD:/University/CS 2024-2028/SP/Software House/learnpath[39m

 [32mΓ£ô[39m tests/unit/path-engine/content-selector.test.ts [2m([22m[2m7 tests[22m[2m)[22m[32m 16[2mms[22m[39m
 [32mΓ£ô[39m tests/unit/progress/streak.test.ts [2m([22m[2m6 tests[22m[2m)[22m[32m 44[2mms[22m[39m
 [32mΓ£ô[39m tests/unit/progress/tracker.test.ts [2m([22m[2m6 tests[22m[2m)[22m[32m 37[2mms[22m[39m
 [32mΓ£ô[39m tests/unit/path-engine/index.test.ts [2m([22m[2m3 tests[22m[2m)[22m[32m 149[2mms[22m[39m
 [32mΓ£ô[39m tests/unit/path-engine/graph.test.ts [2m([22m[2m7 tests[22m[2m)[22m[32m 24[2mms[22m[39m

[2m Test Files [22m [1m[32m5 passed[39m[22m[90m (5)[39m
[2m      Tests [22m [1m[32m29 passed[39m[22m[90m (29)[39m
[2m   Start at [22m 13:31:06
[2m   Duration [22m 4.03s[2m (transform 1.26s, setup 1.86s, import 1.58s, tests 270ms, environment 13.10s)[22m

